// Jest Snapshot v1, https://goo.gl/fbAQLP

exports[`<DatePicker /> should render correctly 1`] = `
<DocumentFragment>
  <div
    class="wrapper "
  >
    <fieldset
      class="fieldset presetRangeFieldset"
    >
      <label
        class="presetRangeLabel"
        data-testid="date-picker-range-1W"
      >
        <input
          type="radio"
        />
        <span>
          1W
        </span>
      </label>
      <label
        class="presetRangeLabel"
        data-testid="date-picker-range-1M"
      >
        <input
          type="radio"
        />
        <span>
          1M
        </span>
      </label>
      <label
        class="presetRangeLabel"
        data-testid="date-picker-range-6M"
      >
        <input
          type="radio"
        />
        <span>
          6M
        </span>
      </label>
    </fieldset>
    <fieldset
      class="fieldset customRangeFieldset"
    >
      <button
        class="customRangeFieldsetButton"
        data-testid="date-picker-open-calendar"
      >
        <img
          alt="calendar icon"
          src="test-file-stub"
        />
      </button>
      <span
        class="customRangeText"
        data-testid="date-picker-custom-range"
      >
        2022-10-03 - 2022-10-10
      </span>
      <button
        class="customRangeFieldsetButton customRangeResetButton"
        data-testid="date-picker-reset-range"
      >
        <img
          alt="reset icon"
          src="test-file-stub"
        />
      </button>
    </fieldset>
  </div>
</DocumentFragment>
`;
